// Jest Snapshot v1, https://goo.gl/fbAQLP

exports[`Tags renders correctly 1`] = `
<div
  class="tags-holder"
>
  <strong>
    features.Tags.labelWithCount:
  </strong>
  <i>
    features.Tags.notags
  </i>
  <span
    class="tags-list"
  >
    <span />
    <span />
  </span>
  <span
    class="btn btn-primary plus-button-container"
    data-testid="tag-plus-button"
  >
    <svg
      class="icon-svg icon-plus text-white"
    >
      <use
        xlink:href="http://localhost/#symbol-defs_icon-plus"
      />
      <use
        xlink:href="http://localhost/#symbol-defs_new_icon-plus"
      />
    </svg>
  </span>
</div>
`;
